// Jest Snapshot v1, https://goo.gl/fbAQLP

exports[`should render with all default settings 1`] = `
<div
  onClick={[Function]}
>
  Open Modal
</div>
`;

exports[`should render with children just as text and the rest default 1`] = `
<div
  onClick={[Function]}
>
  Open Modal
</div>
`;

exports[`should render with green info text and heading in it saying: Test 1`] = `
<div
  onClick={[Function]}
>
  Open Modal
</div>
`;

exports[`should render with red color and text Warning! which is font-weight 500 and no more text 1`] = `
<div
  onClick={[Function]}
>
  Open Modal
</div>
`;

exports[`should render with red info text and title "My new title" 1`] = `
<div
  onClick={[Function]}
>
  Open Modal
</div>
`;

exports[`should render with yellow color and title "Open your app" 1`] = `
<div
  onClick={[Function]}
>
  Open Modal
</div>
`;
