// Jest Snapshot v1, https://goo.gl/fbAQLP

exports[`should render in green" 1`] = `
<div
  onClick={[Function]}
>
  Open Modal
</div>
`;

exports[`should render in primary" 1`] = `
<div
  onClick={[Function]}
>
  Open Modal
</div>
`;

exports[`should render in red" 1`] = `
<div
  onClick={[Function]}
>
  Open Modal
</div>
`;

exports[`should render in yellow" 1`] = `
<div
  onClick={[Function]}
>
  Open Modal
</div>
`;

exports[`should render with BtnIcon bell" 1`] = `
<div
  onClick={[Function]}
>
  Open Modal
</div>
`;

exports[`should render with all default settings 1`] = `
<div
  onClick={[Function]}
>
  Open Modal
</div>
`;

exports[`should render with btnText Again" 1`] = `
<div
  onClick={[Function]}
>
  Open Modal
</div>
`;

exports[`should render with children as html 1`] = `
<div
  onClick={[Function]}
>
  Open Modal
</div>
`;

exports[`should render with children as text 1`] = `
<div
  onClick={[Function]}
>
  Open Modal
</div>
`;

exports[`should render with function for the button which displays handled! in console" 1`] = `
<div
  onClick={[Function]}
>
  Open Modal
</div>
`;

exports[`should render with text in children" 1`] = `
<div
  onClick={[Function]}
>
  Open Modal
</div>
`;

exports[`should render with text in children" 2`] = `
<div
  onClick={[Function]}
>
  Open Modal
</div>
`;

exports[`should render with title 1`] = `
<div
  onClick={[Function]}
>
  Open Modal
</div>
`;
